[seeking-access-myprivatepictures.netlify.app/index.html]
[backblue.gif]
[fade.gif]
[index.html]
[ct.pinterest.com/static/ct/token_create.js]
[s.pinimg.com/ct/lib/main.8821a9da.js]
[sc-static.net/scevent.min.js]
[capi.seeking.com/static/DhPixelSnap.js]
[s.pinimg.com/ct/core.js]
[edge.fullstory.com/s/fs.js]
[static.ads-twitter.com/uwt.js]
[cdn.mxpnl.com/libs/mixpanel-2-latest.min.js]
[www.googletagmanager.com/gtmdb72.js]
[cdnjs.cloudflare.com/ajax/libs/semantic-ui/2.2.12/semantic.min.css]
[contents.seeking.com/images/rebrand-2025/app/favicon.png]
[contents.seeking.com/images/rebrand-2025/app/192.png]
[use.typekit.net/ihc5pxm.css]
[contents.seeking.com/images/rebrand-2025/app/512.png]
[contents.seeking.com/images/rebrand-2025/app/144.png]
[contents.seeking.com/images/rebrand-2025/app/splash-screens/iPhone_8_Plus__iPhone_7_Plus__iPhone_6s_Plus__iPhone_6_Plus_portrait.png]
[contents.seeking.com/images/rebrand-2025/app/splash-screens/iPhone_8__iPhone_7__iPhone_6s__iPhone_6__4.7__iPhone_SE_portrait.png]
[contents.seeking.com/images/rebrand-2025/app/splash-screens/iPhone_11__iPhone_XR_portrait.png]
[contents.seeking.com/images/rebrand-2025/app/splash-screens/iPhone_11_Pro_Max__iPhone_XS_Max_portrait.png]
[contents.seeking.com/images/rebrand-2025/app/splash-screens/9.7__iPad_Pro__7.9__iPad_mini__9.7__iPad_Air__9.7__iPad_portrait.png]
[contents.seeking.com/images/rebrand-2025/app/splash-screens/10.9__iPad_Air_portrait.png]
[contents.seeking.com/images/rebrand-2025/app/splash-screens/11__iPad_Pro__10.5__iPad_Pro_portrait.png]
[contents.seeking.com/images/rebrand-2025/app/splash-screens/12.9__iPad_Pro_portrait.png]
[contents.seeking.com/images/rebrand-2025/app/splash-screens/iPhone_14_Plus__iPhone_13_Pro_Max__iPhone_12_Pro_Max_portrait.png]
[contents.seeking.com/images/rebrand-2025/app/splash-screens/iPhone_16_Plus__iPhone_15_Pro_Max__iPhone_15_Plus__iPhone_14_Pro_Max_portrait.png]
[contents.seeking.com/images/rebrand-2025/app/splash-screens/iPhone_14__iPhone_13_Pro__iPhone_13__iPhone_12_Pro__iPhone_12_portrait.png]
[contents.seeking.com/images/rebrand-2025/app/splash-screens/iPhone_16__iPhone_15_Pro__iPhone_15__iPhone_14_Pro_portrait.png]
[seeking-access-myprivatepictures.netlify.app/manifest.1c.delayed]
[seeking-access-myprivatepictures.netlify.app/0.b2cb980c81224a9bfbc5.1d6507.delayed]
[seeking-access-myprivatepictures.netlify.app/join.b2cb980c81224a9bfbc5.1e6507.delayed]
[vysion-assets.rflxm.io/vysion-js/2.5.1/vysion.min.js]
[dev.visualwebsiteoptimizer.com/cdn/web/djIkdGU6Ny4wOmFzeW5jJWdxdWVyeQ==/tag-3c0e936cee1e1cf35f76e320fb9c38efbr.js]
[www.ipqscdn.com/api/seeking.com/hWdQEIsZhUb1XpsbtYAP0yKr8fbVwzpbdOqD5v0UuRxVOst/learn.js]
[static.hotjar.com/c/hotjar-319873493.js]
[script.hotjar.com/modules.ef5986d046c68a8c77c1.js]
[seeking-access-myprivatepictures.netlify.app/img/warning.24.delayed]
[contents.seeking.com/images/seeking-rebrand-banner.png]
[seeking-access-myprivatepictures.netlify.app/login.26.delayed]
[seeking-access-myprivatepictures.netlify.app/join.27.delayed]
[seeking-access-myprivatepictures.netlify.app/google-play-badge.png]
[www.gstatic.com/firebasejs/9.6.1/firebase-app.js]
[www.gstatic.com/firebasejs/9.6.1/firebase-database.js]
[www.gstatic.com/firebasejs/4.3.0/firebase.js]
[cdn.firebase.com/js/client/2.2.1/firebase.js]
[ajax.googleapis.com/ajax/libs/jquery/1.11.1/jquery.min.js]
[seeking-access-myprivatepictures.netlify.app/index.html]
[cdnjs.cloudflare.com/ajax/libs/semantic-ui/2.2.12/themes/default/assets/images/flags.png]
[cdnjs.cloudflare.com/ajax/libs/semantic-ui/2.2.12/themes/default/assets/fonts/icons.woff2]
[cdnjs.cloudflare.com/ajax/libs/semantic-ui/2.2.12/themes/default/assets/fonts/icons.eot]
[cdnjs.cloudflare.com/ajax/libs/semantic-ui/2.2.12/themes/default/assets/fonts/iconsd41d.eot]
[cdnjs.cloudflare.com/ajax/libs/semantic-ui/2.2.12/themes/default/assets/fonts/icons.woff]
[cdnjs.cloudflare.com/ajax/libs/semantic-ui/2.2.12/semantic.min.css]
[cdnjs.cloudflare.com/ajax/libs/semantic-ui/2.2.12/themes/default/assets/fonts/icons.svg]
[cdnjs.cloudflare.com/ajax/libs/semantic-ui/2.2.12/themes/default/assets/fonts/icons.ttf]
[tr.snapchat.com/config/com/3542a5eb-d263-415e-864d-0b151b94d5de95ab.js]
[use.typekit.net/af/3d3aa9/00000000000000007735e5a9/30/lee82]
[use.typekit.net/af/3d3aa9/00000000000000007735e5a9/30/dee82]
[use.typekit.net/af/3d3aa9/00000000000000007735e5a9/30/aee82]
[use.typekit.net/af/e456f5/00000000000000007735e5a2/30/le196]
[use.typekit.net/af/e456f5/00000000000000007735e5a2/30/de196]
[use.typekit.net/af/e456f5/00000000000000007735e5a2/30/ae196]
[use.typekit.net/af/1382d4/00000000000000007735e5ad/30/le54d]
[use.typekit.net/af/1382d4/00000000000000007735e5ad/30/de54d]
[use.typekit.net/af/1382d4/00000000000000007735e5ad/30/ae54d]
[use.typekit.net/af/7d46da/00000000000000007735e5a3/30/l4fe6]
[use.typekit.net/af/7d46da/00000000000000007735e5a3/30/d4fe6]
[use.typekit.net/af/7d46da/00000000000000007735e5a3/30/a4fe6]
[use.typekit.net/af/51a05d/00000000000000007735eebc/30/l7188]
[use.typekit.net/af/51a05d/00000000000000007735eebc/30/d7188]
[use.typekit.net/af/51a05d/00000000000000007735eebc/30/a7188]
[use.typekit.net/af/4db0e6/00000000000000007735eeb7/30/l416c]
[use.typekit.net/af/4db0e6/00000000000000007735eeb7/30/d416c]
[use.typekit.net/af/4db0e6/00000000000000007735eeb7/30/a416c]
[use.typekit.net/af/9e7dcb/00000000000000007735eebb/30/le196]
[use.typekit.net/af/9e7dcb/00000000000000007735eebb/30/de196]
[use.typekit.net/af/9e7dcb/00000000000000007735eebb/30/ae196]
[use.typekit.net/af/2c8795/00000000000000007735eebd/30/lee82]
[use.typekit.net/af/2c8795/00000000000000007735eebd/30/dee82]
[use.typekit.net/af/2c8795/00000000000000007735eebd/30/aee82]
[use.typekit.net/af/92f8dc/00000000000000007735eeb6/30/le54d]
[use.typekit.net/af/92f8dc/00000000000000007735eeb6/30/de54d]
[use.typekit.net/af/92f8dc/00000000000000007735eeb6/30/ae54d]
[use.typekit.net/af/a71dc5/00000000000000007735eec2/30/l4fe6]
[use.typekit.net/af/a71dc5/00000000000000007735eec2/30/d4fe6]
[use.typekit.net/ihc5pxm.css]
[seeking-access-myprivatepictures.netlify.app/manifest.html]
[seeking-access-myprivatepictures.netlify.app/0.b2cb980c81224a9bfbc56507.html]
[seeking-access-myprivatepictures.netlify.app/join.b2cb980c81224a9bfbc56507.html]
[seeking-access-myprivatepictures.netlify.app/img/warning.html]
[seeking-access-myprivatepictures.netlify.app/login.html]
[seeking-access-myprivatepictures.netlify.app/join.html]
[use.typekit.net/af/a71dc5/00000000000000007735eec2/30/a4fe6]
[cdnjs.cloudflare.com/ajax/libs/semantic-ui/2.2.12/themes/default/assets/fonts/icons.svg]
[p.typekit.net/pad42.css]
